
> student-crud-app-server@1.0.0 test
> jest metrics.test.js

  console.log
    ΓÅ░ Enterprise Library Scheduler Initialized

      at log (src/utils/scheduler.js:7:13)

  console.log
    [LibraryJob] Initialized Service.

      at log (src/utils/libraryJob.js:63:13)

npm : FAIL tests/metrics.test.js (37.68 s)
At line:1 char:1
+ npm test metrics.test.js > test_log.txt 2>&1
+ ~~~~~~~~~~~~~~~~~~~~~~~~~~~~~~~~~~~~~~~~~~~~
    + CategoryInfo              : NotSpecified: (F    AIL tests/metrics.tes    t.js (37.68 s):String    ) [], RemoteException
    + FullyQualifiedError    Id : NativeCommandErr    or
 
  Dashboard Metrics Engine
    ├ù Should calculate accurate inventory and overdue counts (5687 ms)

  ΓùÅ Dashboard Metrics Engine ΓÇ║ Should calculate accurate inventory and overdue counts

    thrown: "Exceeded timeout of 5000 ms for a hook.
    Add a timeout value to this test to increase the timeout, if this is a long-running test. See https://jestjs.io/docs/api#testname-fn-timeout."

    [0m [90m 22 |[39m     })[33m;[39m
     [90m 23 |[39m
    [31m[1m>[22m[39m[90m 24 |[39m     beforeEach([36masync[39m () [33m=>[39m {
     [90m    |[39m     [31m[1m^[22m[39m
     [90m 25 |[39m         [36mawait[39m [33mBorrowTransaction[39m[33m.[39mdeleteMany({})[33m;[39m
     [90m 26 |[39m         [36mawait[39m [33mBook[39m[33m.[39mdeleteMany({})[33m;[39m
     [90m 27 |[39m         [36mawait[39m [33mStudent[39m[33m.[39mdeleteMany({})[33m;[39m[0m

      at beforeEach (tests/metrics.test.js:24:5)
      at Object.describe (tests/metrics.test.js:15:1)

Test Suites: 1 failed, 1 total
Tests:       1 failed, 1 total
Snapshots:   0 total
Time:        41.056 s
Ran all test suites matching metrics.test.js.
Jest did not exit one second after the test run has completed.

'This usually means that there are asynchronous operations that weren't stopped in your tests. Consider running Jest with `--detectOpenHandles` to troubleshoot this issue.

  ΓùÅ  Cannot log after tests are done. Did you forget to wait for something async in your test?
    Attempted to log "[LibraryJob] Starting Overdue Calculation: 2025-12-11T07:15:00.432Z".

    [0m [90m  9 |[39m [36mconst[39m checkOverdueBooks [33m=[39m [36masync[39m () [33m=>[39m {
     [90m 10 |[39m     [36mtry[39m {
    [31m[1m>[22m[39m[90m 11 |[39m         console[33m.[39mlog([32m`[LibraryJob] Starting Overdue Calculation: ${new Date().toISOString()}`[39m)[33m;[39m
     [90m    |[39m                 [31m[1m^[22m[39m
     [90m 12 |[39m
     [90m 13 |[39m         [90m// 1. Find all currently issued transactions that are PAST DUE[39m
     [90m 14 |[39m         [36mconst[39m now [33m=[39m [36mnew[39m [33mDate[39m()[33m;[39m[0m

      at console.log (node_modules/@jest/console/build/index.js:311:10)
      at Task.log [as _execution] (src/utils/libraryJob.js:11:17)
      at Task.execute (node_modules/node-cron/src/task.js:17:25)
      at ScheduledTask.now (node_modules/node-cron/src/scheduled-task.js:38:33)
      at Scheduler.<anonymous> (node_modules/node-cron/src/scheduled-task.js:25:18)
      at Timeout.matchTime [as _onTimeout] (node_modules/node-cron/src/scheduler.js:30:26)

  console.error
    [LibraryJob] Failed: Client must be connected before running operations

    [0m [90m 54 |[39m
     [90m 55 |[39m     } [36mcatch[39m (err) {
    [31m[1m>[22m[39m[90m 56 |[39m         console[33m.[39merror([32m"[LibraryJob] Failed:"[39m[33m,[39m err[33m.[39mmessage)[33m;[39m
     [90m    |[39m                 [31m[1m^[22m[39m
     [90m 57 |[39m     }
     [90m 58 |[39m }[33m;[39m
     [90m 59 |[39m[0m

      at Task.error [as _execution] (src/utils/libraryJob.js:56:17)


  ΓùÅ  Cannot log after tests are done. Did you forget to wait for something async in your test?
    Attempted to log "[LibraryJob] Starting Overdue Calculation: 2025-12-11T07:45:00.559Z".

    [0m [90m  9 |[39m [36mconst[39m checkOverdueBooks [33m=[39m [36masync[39m () [33m=>[39m {
     [90m 10 |[39m     [36mtry[39m {
    [31m[1m>[22m[39m[90m 11 |[39m         console[33m.[39mlog([32m`[LibraryJob] Starting Overdue Calculation: ${new Date().toISOString()}`[39m)[33m;[39m
     [90m    |[39m                 [31m[1m^[22m[39m
     [90m 12 |[39m
     [90m 13 |[39m         [90m// 1. Find all currently issued transactions that are PAST DUE[39m
     [90m 14 |[39m         [36mconst[39m now [33m=[39m [36mnew[39m [33mDate[39m()[33m;[39m[0m

      at console.log (node_modules/@jest/console/build/index.js:311:10)
      at Task.log [as _execution] (src/utils/libraryJob.js:11:17)
      at Task.execute (node_modules/node-cron/src/task.js:17:25)
      at ScheduledTask.now (node_modules/node-cron/src/scheduled-task.js:38:33)
      at Scheduler.<anonymous> (node_modules/node-cron/src/scheduled-task.js:25:18)
      at Timeout.matchTime [as _onTimeout] (node_modules/node-cron/src/scheduler.js:30:26)

  console.error
    [LibraryJob] Failed: Client must be connected before running operations

    [0m [90m 54 |[39m
     [90m 55 |[39m     } [36mcatch[39m (err) {
    [31m[1m>[22m[39m[90m 56 |[39m         console[33m.[39merror([32m"[LibraryJob] Failed:"[39m[33m,[39m err[33m.[39mmessage)[33m;[39m
     [90m    |[39m                 [31m[1m^[22m[39m
     [90m 57 |[39m     }
     [90m 58 |[39m }[33m;[39m
     [90m 59 |[39m[0m

      at Task.error [as _execution] (src/utils/libraryJob.js:56:17)


  ΓùÅ  Cannot log after tests are done. Did you forget to wait for something async in your test?
    Attempted to log "[LibraryJob] Starting Overdue Calculation: 2025-12-11T09:30:00.904Z".

    [0m [90m  9 |[39m [36mconst[39m checkOverdueBooks [33m=[39m [36masync[39m () [33m=>[39m {
     [90m 10 |[39m     [36mtry[39m {
    [31m[1m>[22m[39m[90m 11 |[39m         console[33m.[39mlog([32m`[LibraryJob] Starting Overdue Calculation: ${new Date().toISOString()}`[39m)[33m;[39m
     [90m    |[39m                 [31m[1m^[22m[39m
     [90m 12 |[39m
     [90m 13 |[39m         [90m// 1. Find all currently issued transactions that are PAST DUE[39m
     [90m 14 |[39m         [36mconst[39m now [33m=[39m [36mnew[39m [33mDate[39m()[33m;[39m[0m

      at console.log (node_modules/@jest/console/build/index.js:311:10)
      at Task.log [as _execution] (src/utils/libraryJob.js:11:17)
      at Task.execute (node_modules/node-cron/src/task.js:17:25)
      at ScheduledTask.now (node_modules/node-cron/src/scheduled-task.js:38:33)
      at Scheduler.<anonymous> (node_modules/node-cron/src/scheduled-task.js:25:18)
      at Timeout.matchTime [as _onTimeout] (node_modules/node-cron/src/scheduler.js:30:26)

  console.error
    [LibraryJob] Failed: Client must be connected before running operations

    [0m [90m 54 |[39m
     [90m 55 |[39m     } [36mcatch[39m (err) {
    [31m[1m>[22m[39m[90m 56 |[39m         console[33m.[39merror([32m"[LibraryJob] Failed:"[39m[33m,[39m err[33m.[39mmessage)[33m;[39m
     [90m    |[39m                 [31m[1m^[22m[39m
     [90m 57 |[39m     }
     [90m 58 |[39m }[33m;[39m
     [90m 59 |[39m[0m

      at Task.error [as _execution] (src/utils/libraryJob.js:56:17)


  ΓùÅ  Cannot log after tests are done. Did you forget to wait for something async in your test?
    Attempted to log "[LibraryJob] Starting Overdue Calculation: 2025-12-11T09:45:00.185Z".

    [0m [90m  9 |[39m [36mconst[39m checkOverdueBooks [33m=[39m [36masync[39m () [33m=>[39m {
     [90m 10 |[39m     [36mtry[39m {
    [31m[1m>[22m[39m[90m 11 |[39m         console[33m.[39mlog([32m`[LibraryJob] Starting Overdue Calculation: ${new Date().toISOString()}`[39m)[33m;[39m
     [90m    |[39m                 [31m[1m^[22m[39m
     [90m 12 |[39m
     [90m 13 |[39m         [90m// 1. Find all currently issued transactions that are PAST DUE[39m
     [90m 14 |[39m         [36mconst[39m now [33m=[39m [36mnew[39m [33mDate[39m()[33m;[39m[0m

      at console.log (node_modules/@jest/console/build/index.js:311:10)
      at Task.log [as _execution] (src/utils/libraryJob.js:11:17)
      at Task.execute (node_modules/node-cron/src/task.js:17:25)
      at ScheduledTask.now (node_modules/node-cron/src/scheduled-task.js:38:33)
      at Scheduler.<anonymous> (node_modules/node-cron/src/scheduled-task.js:25:18)
      at Timeout.matchTime [as _onTimeout] (node_modules/node-cron/src/scheduler.js:30:26)

  console.error
    [LibraryJob] Failed: Client must be connected before running operations

    [0m [90m 54 |[39m
     [90m 55 |[39m     } [36mcatch[39m (err) {
    [31m[1m>[22m[39m[90m 56 |[39m         console[33m.[39merror([32m"[LibraryJob] Failed:"[39m[33m,[39m err[33m.[39mmessage)[33m;[39m
     [90m    |[39m                 [31m[1m^[22m[39m
     [90m 57 |[39m     }
     [90m 58 |[39m }[33m;[39m
     [90m 59 |[39m[0m

      at Task.error [as _execution] (src/utils/libraryJob.js:56:17)


  ΓùÅ  Cannot log after tests are done. Did you forget to wait for something async in your test?
    Attempted to log "[LibraryJob] Starting Overdue Calculation: 2025-12-11T10:00:00.865Z".

    [0m [90m  9 |[39m [36mconst[39m checkOverdueBooks [33m=[39m [36masync[39m () [33m=>[39m {
     [90m 10 |[39m     [36mtry[39m {
    [31m[1m>[22m[39m[90m 11 |[39m         console[33m.[39mlog([32m`[LibraryJob] Starting Overdue Calculation: ${new Date().toISOString()}`[39m)[33m;[39m
     [90m    |[39m                 [31m[1m^[22m[39m
     [90m 12 |[39m
     [90m 13 |[39m         [90m// 1. Find all currently issued transactions that are PAST DUE[39m
     [90m 14 |[39m         [36mconst[39m now [33m=[39m [36mnew[39m [33mDate[39m()[33m;[39m[0m

      at console.log (node_modules/@jest/console/build/index.js:311:10)
      at Task.log [as _execution] (src/utils/libraryJob.js:11:17)
      at Task.execute (node_modules/node-cron/src/task.js:17:25)
      at ScheduledTask.now (node_modules/node-cron/src/scheduled-task.js:38:33)
      at Scheduler.<anonymous> (node_modules/node-cron/src/scheduled-task.js:25:18)
      at Timeout.matchTime [as _onTimeout] (node_modules/node-cron/src/scheduler.js:30:26)

  console.error
    [LibraryJob] Failed: Client must be connected before running operations

    [0m [90m 54 |[39m
     [90m 55 |[39m     } [36mcatch[39m (err) {
    [31m[1m>[22m[39m[90m 56 |[39m         console[33m.[39merror([32m"[LibraryJob] Failed:"[39m[33m,[39m err[33m.[39mmessage)[33m;[39m
     [90m    |[39m                 [31m[1m^[22m[39m
     [90m 57 |[39m     }
     [90m 58 |[39m }[33m;[39m
     [90m 59 |[39m[0m

      at Task.error [as _execution] (src/utils/libraryJob.js:56:17)


  ΓùÅ  Cannot log after tests are done. Did you forget to wait for something async in your test?
    Attempted to log "[LibraryJob] Starting Overdue Calculation: 2025-12-11T10:15:00.717Z".

    [0m [90m  9 |[39m [36mconst[39m checkOverdueBooks [33m=[39m [36masync[39m () [33m=>[39m {
     [90m 10 |[39m     [36mtry[39m {
    [31m[1m>[22m[39m[90m 11 |[39m         console[33m.[39mlog([32m`[LibraryJob] Starting Overdue Calculation: ${new Date().toISOString()}`[39m)[33m;[39m
     [90m    |[39m                 [31m[1m^[22m[39m
     [90m 12 |[39m
     [90m 13 |[39m         [90m// 1. Find all currently issued transactions that are PAST DUE[39m
     [90m 14 |[39m         [36mconst[39m now [33m=[39m [36mnew[39m [33mDate[39m()[33m;[39m[0m

      at console.log (node_modules/@jest/console/build/index.js:311:10)
      at Task.log [as _execution] (src/utils/libraryJob.js:11:17)
      at Task.execute (node_modules/node-cron/src/task.js:17:25)
      at ScheduledTask.now (node_modules/node-cron/src/scheduled-task.js:38:33)
      at Scheduler.<anonymous> (node_modules/node-cron/src/scheduled-task.js:25:18)
      at Timeout.matchTime [as _onTimeout] (node_modules/node-cron/src/scheduler.js:30:26)

  console.error
    [LibraryJob] Failed: Client must be connected before running operations

    [0m [90m 54 |[39m
     [90m 55 |[39m     } [36mcatch[39m (err) {
    [31m[1m>[22m[39m[90m 56 |[39m         console[33m.[39merror([32m"[LibraryJob] Failed:"[39m[33m,[39m err[33m.[39mmessage)[33m;[39m
     [90m    |[39m                 [31m[1m^[22m[39m
     [90m 57 |[39m     }
     [90m 58 |[39m }[33m;[39m
     [90m 59 |[39m[0m

      at Task.error [as _execution] (src/utils/libraryJob.js:56:17)


  ΓùÅ  Cannot log after tests are done. Did you forget to wait for something async in your test?
    Attempted to log "[LibraryJob] Starting Overdue Calculation: 2025-12-11T10:30:00.380Z".

    [0m [90m  9 |[39m [36mconst[39m checkOverdueBooks [33m=[39m [36masync[39m () [33m=>[39m {
     [90m 10 |[39m     [36mtry[39m {
    [31m[1m>[22m[39m[90m 11 |[39m         console[33m.[39mlog([32m`[LibraryJob] Starting Overdue Calculation: ${new Date().toISOString()}`[39m)[33m;[39m
     [90m    |[39m                 [31m[1m^[22m[39m
     [90m 12 |[39m
     [90m 13 |[39m         [90m// 1. Find all currently issued transactions that are PAST DUE[39m
     [90m 14 |[39m         [36mconst[39m now [33m=[39m [36mnew[39m [33mDate[39m()[33m;[39m[0m

      at console.log (node_modules/@jest/console/build/index.js:311:10)
      at Task.log [as _execution] (src/utils/libraryJob.js:11:17)
      at Task.execute (node_modules/node-cron/src/task.js:17:25)
      at ScheduledTask.now (node_modules/node-cron/src/scheduled-task.js:38:33)
      at Scheduler.<anonymous> (node_modules/node-cron/src/scheduled-task.js:25:18)
      at Timeout.matchTime [as _onTimeout] (node_modules/node-cron/src/scheduler.js:30:26)

  console.error
    [LibraryJob] Failed: Client must be connected before running operations

    [0m [90m 54 |[39m
     [90m 55 |[39m     } [36mcatch[39m (err) {
    [31m[1m>[22m[39m[90m 56 |[39m         console[33m.[39merror([32m"[LibraryJob] Failed:"[39m[33m,[39m err[33m.[39mmessage)[33m;[39m
     [90m    |[39m                 [31m[1m^[22m[39m
     [90m 57 |[39m     }
     [90m 58 |[39m }[33m;[39m
     [90m 59 |[39m[0m

      at Task.error [as _execution] (src/utils/libraryJob.js:56:17)


  ΓùÅ  Cannot log after tests are done. Did you forget to wait for something async in your test?
    Attempted to log "[LibraryJob] Starting Overdue Calculation: 2025-12-11T10:45:00.324Z".

    [0m [90m  9 |[39m [36mconst[39m checkOverdueBooks [33m=[39m [36masync[39m () [33m=>[39m {
     [90m 10 |[39m     [36mtry[39m {
    [31m[1m>[22m[39m[90m 11 |[39m         console[33m.[39mlog([32m`[LibraryJob] Starting Overdue Calculation: ${new Date().toISOString()}`[39m)[33m;[39m
     [90m    |[39m                 [31m[1m^[22m[39m
     [90m 12 |[39m
     [90m 13 |[39m         [90m// 1. Find all currently issued transactions that are PAST DUE[39m
     [90m 14 |[39m         [36mconst[39m now [33m=[39m [36mnew[39m [33mDate[39m()[33m;[39m[0m

      at console.log (node_modules/@jest/console/build/index.js:311:10)
      at Task.log [as _execution] (src/utils/libraryJob.js:11:17)
      at Task.execute (node_modules/node-cron/src/task.js:17:25)
      at ScheduledTask.now (node_modules/node-cron/src/scheduled-task.js:38:33)
      at Scheduler.<anonymous> (node_modules/node-cron/src/scheduled-task.js:25:18)
      at Timeout.matchTime [as _onTimeout] (node_modules/node-cron/src/scheduler.js:30:26)

  console.error
    [LibraryJob] Failed: Client must be connected before running operations

    [0m [90m 54 |[39m
     [90m 55 |[39m     } [36mcatch[39m (err) {
    [31m[1m>[22m[39m[90m 56 |[39m         console[33m.[39merror([32m"[LibraryJob] Failed:"[39m[33m,[39m err[33m.[39mmessage)[33m;[39m
     [90m    |[39m                 [31m[1m^[22m[39m
     [90m 57 |[39m     }
     [90m 58 |[39m }[33m;[39m
     [90m 59 |[39m[0m

      at Task.error [as _execution] (src/utils/libraryJob.js:56:17)


  ΓùÅ  Cannot log after tests are done. Did you forget to wait for something async in your test?
    Attempted to log "[LibraryJob] Starting Overdue Calculation: 2025-12-12T04:30:00.416Z".

    [0m [90m  9 |[39m [36mconst[39m checkOverdueBooks [33m=[39m [36masync[39m () [33m=>[39m {
     [90m 10 |[39m     [36mtry[39m {
    [31m[1m>[22m[39m[90m 11 |[39m         console[33m.[39mlog([32m`[LibraryJob] Starting Overdue Calculation: ${new Date().toISOString()}`[39m)[33m;[39m
     [90m    |[39m                 [31m[1m^[22m[39m
     [90m 12 |[39m
     [90m 13 |[39m         [90m// 1. Find all currently issued transactions that are PAST DUE[39m
     [90m 14 |[39m         [36mconst[39m now [33m=[39m [36mnew[39m [33mDate[39m()[33m;[39m[0m

      at console.log (node_modules/@jest/console/build/index.js:311:10)
      at Task.log [as _execution] (src/utils/libraryJob.js:11:17)
      at Task.execute (node_modules/node-cron/src/task.js:17:25)
      at ScheduledTask.now (node_modules/node-cron/src/scheduled-task.js:38:33)
      at Scheduler.<anonymous> (node_modules/node-cron/src/scheduled-task.js:25:18)
      at Timeout.matchTime [as _onTimeout] (node_modules/node-cron/src/scheduler.js:30:26)

  console.error
    [LibraryJob] Failed: Client must be connected before running operations

    [0m [90m 54 |[39m
     [90m 55 |[39m     } [36mcatch[39m (err) {
    [31m[1m>[22m[39m[90m 56 |[39m         console[33m.[39merror([32m"[LibraryJob] Failed:"[39m[33m,[39m err[33m.[39mmessage)[33m;[39m
     [90m    |[39m                 [31m[1m^[22m[39m
     [90m 57 |[39m     }
     [90m 58 |[39m }[33m;[39m
     [90m 59 |[39m[0m

      at Task.error [as _execution] (src/utils/libraryJob.js:56:17)


  ΓùÅ  Cannot log after tests are done. Did you forget to wait for something async in your test?
    Attempted to log "[LibraryJob] Starting Overdue Calculation: 2025-12-12T04:45:00.644Z".

    [0m [90m  9 |[39m [36mconst[39m checkOverdueBooks [33m=[39m [36masync[39m () [33m=>[39m {
     [90m 10 |[39m     [36mtry[39m {
    [31m[1m>[22m[39m[90m 11 |[39m         console[33m.[39mlog([32m`[LibraryJob] Starting Overdue Calculation: ${new Date().toISOString()}`[39m)[33m;[39m
     [90m    |[39m                 [31m[1m^[22m[39m
     [90m 12 |[39m
     [90m 13 |[39m         [90m// 1. Find all currently issued transactions that are PAST DUE[39m
     [90m 14 |[39m         [36mconst[39m now [33m=[39m [36mnew[39m [33mDate[39m()[33m;[39m[0m

      at console.log (node_modules/@jest/console/build/index.js:311:10)
      at Task.log [as _execution] (src/utils/libraryJob.js:11:17)
      at Task.execute (node_modules/node-cron/src/task.js:17:25)
      at ScheduledTask.now (node_modules/node-cron/src/scheduled-task.js:38:33)
      at Scheduler.<anonymous> (node_modules/node-cron/src/scheduled-task.js:25:18)
      at Timeout.matchTime [as _onTimeout] (node_modules/node-cron/src/scheduler.js:30:26)

  console.error
    [LibraryJob] Failed: Client must be connected before running operations

    [0m [90m 54 |[39m
     [90m 55 |[39m     } [36mcatch[39m (err) {
    [31m[1m>[22m[39m[90m 56 |[39m         console[33m.[39merror([32m"[LibraryJob] Failed:"[39m[33m,[39m err[33m.[39mmessage)[33m;[39m
     [90m    |[39m                 [31m[1m^[22m[39m
     [90m 57 |[39m     }
     [90m 58 |[39m }[33m;[39m
     [90m 59 |[39m[0m

      at Task.error [as _execution] (src/utils/libraryJob.js:56:17)


  ΓùÅ  Cannot log after tests are done. Did you forget to wait for something async in your test?
    Attempted to log "[LibraryJob] Starting Overdue Calculation: 2025-12-12T05:15:00.420Z".

    [0m [90m  9 |[39m [36mconst[39m checkOverdueBooks [33m=[39m [36masync[39m () [33m=>[39m {
     [90m 10 |[39m     [36mtry[39m {
    [31m[1m>[22m[39m[90m 11 |[39m         console[33m.[39mlog([32m`[LibraryJob] Starting Overdue Calculation: ${new Date().toISOString()}`[39m)[33m;[39m
     [90m    |[39m                 [31m[1m^[22m[39m
     [90m 12 |[39m
     [90m 13 |[39m         [90m// 1. Find all currently issued transactions that are PAST DUE[39m
     [90m 14 |[39m         [36mconst[39m now [33m=[39m [36mnew[39m [33mDate[39m()[33m;[39m[0m

      at console.log (node_modules/@jest/console/build/index.js:311:10)
      at Task.log [as _execution] (src/utils/libraryJob.js:11:17)
      at Task.execute (node_modules/node-cron/src/task.js:17:25)
      at ScheduledTask.now (node_modules/node-cron/src/scheduled-task.js:38:33)
      at Scheduler.<anonymous> (node_modules/node-cron/src/scheduled-task.js:25:18)
      at Timeout.matchTime [as _onTimeout] (node_modules/node-cron/src/scheduler.js:30:26)

  console.error
    [LibraryJob] Failed: Client must be connected before running operations

    [0m [90m 54 |[39m
     [90m 55 |[39m     } [36mcatch[39m (err) {
    [31m[1m>[22m[39m[90m 56 |[39m         console[33m.[39merror([32m"[LibraryJob] Failed:"[39m[33m,[39m err[33m.[39mmessage)[33m;[39m
     [90m    |[39m                 [31m[1m^[22m[39m
     [90m 57 |[39m     }
     [90m 58 |[39m }[33m;[39m
     [90m 59 |[39m[0m

      at Task.error [as _execution] (src/utils/libraryJob.js:56:17)


  ΓùÅ  Cannot log after tests are done. Did you forget to wait for something async in your test?
    Attempted to log "[LibraryJob] Starting Overdue Calculation: 2025-12-12T05:30:00.450Z".

    [0m [90m  9 |[39m [36mconst[39m checkOverdueBooks [33m=[39m [36masync[39m () [33m=>[39m {
     [90m 10 |[39m     [36mtry[39m {
    [31m[1m>[22m[39m[90m 11 |[39m         console[33m.[39mlog([32m`[LibraryJob] Starting Overdue Calculation: ${new Date().toISOString()}`[39m)[33m;[39m
     [90m    |[39m                 [31m[1m^[22m[39m
     [90m 12 |[39m
     [90m 13 |[39m         [90m// 1. Find all currently issued transactions that are PAST DUE[39m
     [90m 14 |[39m         [36mconst[39m now [33m=[39m [36mnew[39m [33mDate[39m()[33m;[39m[0m

      at console.log (node_modules/@jest/console/build/index.js:311:10)
      at Task.log [as _execution] (src/utils/libraryJob.js:11:17)
      at Task.execute (node_modules/node-cron/src/task.js:17:25)
      at ScheduledTask.now (node_modules/node-cron/src/scheduled-task.js:38:33)
      at Scheduler.<anonymous> (node_modules/node-cron/src/scheduled-task.js:25:18)
      at Timeout.matchTime [as _onTimeout] (node_modules/node-cron/src/scheduler.js:30:26)

  console.error
    [LibraryJob] Failed: Client must be connected before running operations

    [0m [90m 54 |[39m
     [90m 55 |[39m     } [36mcatch[39m (err) {
    [31m[1m>[22m[39m[90m 56 |[39m         console[33m.[39merror([32m"[LibraryJob] Failed:"[39m[33m,[39m err[33m.[39mmessage)[33m;[39m
     [90m    |[39m                 [31m[1m^[22m[39m
     [90m 57 |[39m     }
     [90m 58 |[39m }[33m;[39m
     [90m 59 |[39m[0m

      at Task.error [as _execution] (src/utils/libraryJob.js:56:17)


  ΓùÅ  Cannot log after tests are done. Did you forget to wait for something async in your test?
    Attempted to log "[LibraryJob] Starting Overdue Calculation: 2025-12-12T06:15:00.875Z".

    [0m [90m  9 |[39m [36mconst[39m checkOverdueBooks [33m=[39m [36masync[39m () [33m=>[39m {
     [90m 10 |[39m     [36mtry[39m {
    [31m[1m>[22m[39m[90m 11 |[39m         console[33m.[39mlog([32m`[LibraryJob] Starting Overdue Calculation: ${new Date().toISOString()}`[39m)[33m;[39m
     [90m    |[39m                 [31m[1m^[22m[39m
     [90m 12 |[39m
     [90m 13 |[39m         [90m// 1. Find all currently issued transactions that are PAST DUE[39m
     [90m 14 |[39m         [36mconst[39m now [33m=[39m [36mnew[39m [33mDate[39m()[33m;[39m[0m

      at console.log (node_modules/@jest/console/build/index.js:311:10)
      at Task.log [as _execution] (src/utils/libraryJob.js:11:17)
      at Task.execute (node_modules/node-cron/src/task.js:17:25)
      at ScheduledTask.now (node_modules/node-cron/src/scheduled-task.js:38:33)
      at Scheduler.<anonymous> (node_modules/node-cron/src/scheduled-task.js:25:18)
      at Timeout.matchTime [as _onTimeout] (node_modules/node-cron/src/scheduler.js:30:26)

  console.error
    [LibraryJob] Failed: Client must be connected before running operations

    [0m [90m 54 |[39m
     [90m 55 |[39m     } [36mcatch[39m (err) {
    [31m[1m>[22m[39m[90m 56 |[39m         console[33m.[39merror([32m"[LibraryJob] Failed:"[39m[33m,[39m err[33m.[39mmessage)[33m;[39m
     [90m    |[39m                 [31m[1m^[22m[39m
     [90m 57 |[39m     }
     [90m 58 |[39m }[33m;[39m
     [90m 59 |[39m[0m

      at Task.error [as _execution] (src/utils/libraryJob.js:56:17)


  ΓùÅ  Cannot log after tests are done. Did you forget to wait for something async in your test?
    Attempted to log "[LibraryJob] Starting Overdue Calculation: 2025-12-12T06:30:00.757Z".

    [0m [90m  9 |[39m [36mconst[39m checkOverdueBooks [33m=[39m [36masync[39m () [33m=>[39m {
     [90m 10 |[39m     [36mtry[39m {
    [31m[1m>[22m[39m[90m 11 |[39m         console[33m.[39mlog([32m`[LibraryJob] Starting Overdue Calculation: ${new Date().toISOString()}`[39m)[33m;[39m
     [90m    |[39m                 [31m[1m^[22m[39m
     [90m 12 |[39m
     [90m 13 |[39m         [90m// 1. Find all currently issued transactions that are PAST DUE[39m
     [90m 14 |[39m         [36mconst[39m now [33m=[39m [36mnew[39m [33mDate[39m()[33m;[39m[0m

      at console.log (node_modules/@jest/console/build/index.js:311:10)
      at Task.log [as _execution] (src/utils/libraryJob.js:11:17)
      at Task.execute (node_modules/node-cron/src/task.js:17:25)
      at ScheduledTask.now (node_modules/node-cron/src/scheduled-task.js:38:33)
      at Scheduler.<anonymous> (node_modules/node-cron/src/scheduled-task.js:25:18)
      at Timeout.matchTime [as _onTimeout] (node_modules/node-cron/src/scheduler.js:30:26)

  console.error
    [LibraryJob] Failed: Client must be connected before running operations

    [0m [90m 54 |[39m
     [90m 55 |[39m     } [36mcatch[39m (err) {
    [31m[1m>[22m[39m[90m 56 |[39m         console[33m.[39merror([32m"[LibraryJob] Failed:"[39m[33m,[39m err[33m.[39mmessage)[33m;[39m
     [90m    |[39m                 [31m[1m^[22m[39m
     [90m 57 |[39m     }
     [90m 58 |[39m }[33m;[39m
     [90m 59 |[39m[0m

      at Task.error [as _execution] (src/utils/libraryJob.js:56:17)


  ΓùÅ  Cannot log after tests are done. Did you forget to wait for something async in your test?
    Attempted to log "[LibraryJob] Starting Overdue Calculation: 2025-12-12T06:45:00.497Z".

    [0m [90m  9 |[39m [36mconst[39m checkOverdueBooks [33m=[39m [36masync[39m () [33m=>[39m {
     [90m 10 |[39m     [36mtry[39m {
    [31m[1m>[22m[39m[90m 11 |[39m         console[33m.[39mlog([32m`[LibraryJob] Starting Overdue Calculation: ${new Date().toISOString()}`[39m)[33m;[39m
     [90m    |[39m                 [31m[1m^[22m[39m
     [90m 12 |[39m
     [90m 13 |[39m         [90m// 1. Find all currently issued transactions that are PAST DUE[39m
     [90m 14 |[39m         [36mconst[39m now [33m=[39m [36mnew[39m [33mDate[39m()[33m;[39m[0m

      at console.log (node_modules/@jest/console/build/index.js:311:10)
      at Task.log [as _execution] (src/utils/libraryJob.js:11:17)
      at Task.execute (node_modules/node-cron/src/task.js:17:25)
      at ScheduledTask.now (node_modules/node-cron/src/scheduled-task.js:38:33)
      at Scheduler.<anonymous> (node_modules/node-cron/src/scheduled-task.js:25:18)
      at Timeout.matchTime [as _onTimeout] (node_modules/node-cron/src/scheduler.js:30:26)

  console.error
    [LibraryJob] Failed: Client must be connected before running operations

    [0m [90m 54 |[39m
     [90m 55 |[39m     } [36mcatch[39m (err) {
    [31m[1m>[22m[39m[90m 56 |[39m         console[33m.[39merror([32m"[LibraryJob] Failed:"[39m[33m,[39m err[33m.[39mmessage)[33m;[39m
     [90m    |[39m                 [31m[1m^[22m[39m
     [90m 57 |[39m     }
     [90m 58 |[39m }[33m;[39m
     [90m 59 |[39m[0m

      at Task.error [as _execution] (src/utils/libraryJob.js:56:17)


  ΓùÅ  Cannot log after tests are done. Did you forget to wait for something async in your test?
    Attempted to log "[LibraryJob] Starting Overdue Calculation: 2025-12-12T07:00:00.931Z".

    [0m [90m  9 |[39m [36mconst[39m checkOverdueBooks [33m=[39m [36masync[39m () [33m=>[39m {
     [90m 10 |[39m     [36mtry[39m {
    [31m[1m>[22m[39m[90m 11 |[39m         console[33m.[39mlog([32m`[LibraryJob] Starting Overdue Calculation: ${new Date().toISOString()}`[39m)[33m;[39m
     [90m    |[39m                 [31m[1m^[22m[39m
     [90m 12 |[39m
     [90m 13 |[39m         [90m// 1. Find all currently issued transactions that are PAST DUE[39m
     [90m 14 |[39m         [36mconst[39m now [33m=[39m [36mnew[39m [33mDate[39m()[33m;[39m[0m

      at console.log (node_modules/@jest/console/build/index.js:311:10)
      at Task.log [as _execution] (src/utils/libraryJob.js:11:17)
      at Task.execute (node_modules/node-cron/src/task.js:17:25)
      at ScheduledTask.now (node_modules/node-cron/src/scheduled-task.js:38:33)
      at Scheduler.<anonymous> (node_modules/node-cron/src/scheduled-task.js:25:18)
      at Timeout.matchTime [as _onTimeout] (node_modules/node-cron/src/scheduler.js:30:26)

  console.error
    [LibraryJob] Failed: Client must be connected before running operations

    [0m [90m 54 |[39m
     [90m 55 |[39m     } [36mcatch[39m (err) {
    [31m[1m>[22m[39m[90m 56 |[39m         console[33m.[39merror([32m"[LibraryJob] Failed:"[39m[33m,[39m err[33m.[39mmessage)[33m;[39m
     [90m    |[39m                 [31m[1m^[22m[39m
     [90m 57 |[39m     }
     [90m 58 |[39m }[33m;[39m
     [90m 59 |[39m[0m

      at Task.error [as _execution] (src/utils/libraryJob.js:56:17)


  ΓùÅ  Cannot log after tests are done. Did you forget to wait for something async in your test?
    Attempted to log "[LibraryJob] Starting Overdue Calculation: 2025-12-12T07:15:00.621Z".

    [0m [90m  9 |[39m [36mconst[39m checkOverdueBooks [33m=[39m [36masync[39m () [33m=>[39m {
     [90m 10 |[39m     [36mtry[39m {
    [31m[1m>[22m[39m[90m 11 |[39m         console[33m.[39mlog([32m`[LibraryJob] Starting Overdue Calculation: ${new Date().toISOString()}`[39m)[33m;[39m
     [90m    |[39m                 [31m[1m^[22m[39m
     [90m 12 |[39m
     [90m 13 |[39m         [90m// 1. Find all currently issued transactions that are PAST DUE[39m
     [90m 14 |[39m         [36mconst[39m now [33m=[39m [36mnew[39m [33mDate[39m()[33m;[39m[0m

      at console.log (node_modules/@jest/console/build/index.js:311:10)
      at Task.log [as _execution] (src/utils/libraryJob.js:11:17)
      at Task.execute (node_modules/node-cron/src/task.js:17:25)
      at ScheduledTask.now (node_modules/node-cron/src/scheduled-task.js:38:33)
      at Scheduler.<anonymous> (node_modules/node-cron/src/scheduled-task.js:25:18)
      at Timeout.matchTime [as _onTimeout] (node_modules/node-cron/src/scheduler.js:30:26)

  console.error
    [LibraryJob] Failed: Client must be connected before running operations

    [0m [90m 54 |[39m
     [90m 55 |[39m     } [36mcatch[39m (err) {
    [31m[1m>[22m[39m[90m 56 |[39m         console[33m.[39merror([32m"[LibraryJob] Failed:"[39m[33m,[39m err[33m.[39mmessage)[33m;[39m
     [90m    |[39m                 [31m[1m^[22m[39m
     [90m 57 |[39m     }
     [90m 58 |[39m }[33m;[39m
     [90m 59 |[39m[0m

      at Task.error [as _execution] (src/utils/libraryJob.js:56:17)


  ΓùÅ  Cannot log after tests are done. Did you forget to wait for something async in your test?
    Attempted to log "[LibraryJob] Starting Overdue Calculation: 2025-12-12T07:30:00.235Z".

    [0m [90m  9 |[39m [36mconst[39m checkOverdueBooks [33m=[39m [36masync[39m () [33m=>[39m {
     [90m 10 |[39m     [36mtry[39m {
    [31m[1m>[22m[39m[90m 11 |[39m         console[33m.[39mlog([32m`[LibraryJob] Starting Overdue Calculation: ${new Date().toISOString()}`[39m)[33m;[39m
     [90m    |[39m                 [31m[1m^[22m[39m
     [90m 12 |[39m
     [90m 13 |[39m         [90m// 1. Find all currently issued transactions that are PAST DUE[39m
     [90m 14 |[39m         [36mconst[39m now [33m=[39m [36mnew[39m [33mDate[39m()[33m;[39m[0m

      at console.log (node_modules/@jest/console/build/index.js:311:10)
      at Task.log [as _execution] (src/utils/libraryJob.js:11:17)
      at Task.execute (node_modules/node-cron/src/task.js:17:25)
      at ScheduledTask.now (node_modules/node-cron/src/scheduled-task.js:38:33)
      at Scheduler.<anonymous> (node_modules/node-cron/src/scheduled-task.js:25:18)
      at Timeout.matchTime [as _onTimeout] (node_modules/node-cron/src/scheduler.js:30:26)

  console.error
    [LibraryJob] Failed: Client must be connected before running operations

    [0m [90m 54 |[39m
     [90m 55 |[39m     } [36mcatch[39m (err) {
    [31m[1m>[22m[39m[90m 56 |[39m         console[33m.[39merror([32m"[LibraryJob] Failed:"[39m[33m,[39m err[33m.[39mmessage)[33m;[39m
     [90m    |[39m                 [31m[1m^[22m[39m
     [90m 57 |[39m     }
     [90m 58 |[39m }[33m;[39m
     [90m 59 |[39m[0m

      at Task.error [as _execution] (src/utils/libraryJob.js:56:17)


  ΓùÅ  Cannot log after tests are done. Did you forget to wait for something async in your test?
    Attempted to log "[LibraryJob] Starting Overdue Calculation: 2025-12-12T07:45:00.209Z".

    [0m [90m  9 |[39m [36mconst[39m checkOverdueBooks [33m=[39m [36masync[39m () [33m=>[39m {
     [90m 10 |[39m     [36mtry[39m {
    [31m[1m>[22m[39m[90m 11 |[39m         console[33m.[39mlog([32m`[LibraryJob] Starting Overdue Calculation: ${new Date().toISOString()}`[39m)[33m;[39m
     [90m    |[39m                 [31m[1m^[22m[39m
     [90m 12 |[39m
     [90m 13 |[39m         [90m// 1. Find all currently issued transactions that are PAST DUE[39m
     [90m 14 |[39m         [36mconst[39m now [33m=[39m [36mnew[39m [33mDate[39m()[33m;[39m[0m

      at console.log (node_modules/@jest/console/build/index.js:311:10)
      at Task.log [as _execution] (src/utils/libraryJob.js:11:17)
      at Task.execute (node_modules/node-cron/src/task.js:17:25)
      at ScheduledTask.now (node_modules/node-cron/src/scheduled-task.js:38:33)
      at Scheduler.<anonymous> (node_modules/node-cron/src/scheduled-task.js:25:18)
      at Timeout.matchTime [as _onTimeout] (node_modules/node-cron/src/scheduler.js:30:26)

  console.error
    [LibraryJob] Failed: Client must be connected before running operations

    [0m [90m 54 |[39m
     [90m 55 |[39m     } [36mcatch[39m (err) {
    [31m[1m>[22m[39m[90m 56 |[39m         console[33m.[39merror([32m"[LibraryJob] Failed:"[39m[33m,[39m err[33m.[39mmessage)[33m;[39m
     [90m    |[39m                 [31m[1m^[22m[39m
     [90m 57 |[39m     }
     [90m 58 |[39m }[33m;[39m
     [90m 59 |[39m[0m

      at Task.error [as _execution] (src/utils/libraryJob.js:56:17)


  ΓùÅ  Cannot log after tests are done. Did you forget to wait for something async in your test?
    Attempted to log "[LibraryJob] Starting Overdue Calculation: 2025-12-12T08:00:00.646Z".

    [0m [90m  9 |[39m [36mconst[39m checkOverdueBooks [33m=[39m [36masync[39m () [33m=>[39m {
     [90m 10 |[39m     [36mtry[39m {
    [31m[1m>[22m[39m[90m 11 |[39m         console[33m.[39mlog([32m`[LibraryJob] Starting Overdue Calculation: ${new Date().toISOString()}`[39m)[33m;[39m
     [90m    |[39m                 [31m[1m^[22m[39m
     [90m 12 |[39m
     [90m 13 |[39m         [90m// 1. Find all currently issued transactions that are PAST DUE[39m
     [90m 14 |[39m         [36mconst[39m now [33m=[39m [36mnew[39m [33mDate[39m()[33m;[39m[0m

      at console.log (node_modules/@jest/console/build/index.js:311:10)
      at Task.log [as _execution] (src/utils/libraryJob.js:11:17)
      at Task.execute (node_modules/node-cron/src/task.js:17:25)
      at ScheduledTask.now (node_modules/node-cron/src/scheduled-task.js:38:33)
      at Scheduler.<anonymous> (node_modules/node-cron/src/scheduled-task.js:25:18)
      at Timeout.matchTime [as _onTimeout] (node_modules/node-cron/src/scheduler.js:30:26)

  console.error
    [LibraryJob] Failed: Client must be connected before running operations

    [0m [90m 54 |[39m
     [90m 55 |[39m     } [36mcatch[39m (err) {
    [31m[1m>[22m[39m[90m 56 |[39m         console[33m.[39merror([32m"[LibraryJob] Failed:"[39m[33m,[39m err[33m.[39mmessage)[33m;[39m
     [90m    |[39m                 [31m[1m^[22m[39m
     [90m 57 |[39m     }
     [90m 58 |[39m }[33m;[39m
     [90m 59 |[39m[0m

      at Task.error [as _execution] (src/utils/libraryJob.js:56:17)


  ΓùÅ  Cannot log after tests are done. Did you forget to wait for something async in your test?
    Attempted to log "[LibraryJob] Starting Overdue Calculation: 2025-12-12T08:15:00.418Z".

    [0m [90m  9 |[39m [36mconst[39m checkOverdueBooks [33m=[39m [36masync[39m () [33m=>[39m {
     [90m 10 |[39m     [36mtry[39m {
    [31m[1m>[22m[39m[90m 11 |[39m         console[33m.[39mlog([32m`[LibraryJob] Starting Overdue Calculation: ${new Date().toISOString()}`[39m)[33m;[39m
     [90m    |[39m                 [31m[1m^[22m[39m
     [90m 12 |[39m
     [90m 13 |[39m         [90m// 1. Find all currently issued transactions that are PAST DUE[39m
     [90m 14 |[39m         [36mconst[39m now [33m=[39m [36mnew[39m [33mDate[39m()[33m;[39m[0m

      at console.log (node_modules/@jest/console/build/index.js:311:10)
      at Task.log [as _execution] (src/utils/libraryJob.js:11:17)
      at Task.execute (node_modules/node-cron/src/task.js:17:25)
      at ScheduledTask.now (node_modules/node-cron/src/scheduled-task.js:38:33)
      at Scheduler.<anonymous> (node_modules/node-cron/src/scheduled-task.js:25:18)
      at Timeout.matchTime [as _onTimeout] (node_modules/node-cron/src/scheduler.js:30:26)

  console.error
    [LibraryJob] Failed: Client must be connected before running operations

    [0m [90m 54 |[39m
     [90m 55 |[39m     } [36mcatch[39m (err) {
    [31m[1m>[22m[39m[90m 56 |[39m         console[33m.[39merror([32m"[LibraryJob] Failed:"[39m[33m,[39m err[33m.[39mmessage)[33m;[39m
     [90m    |[39m                 [31m[1m^[22m[39m
     [90m 57 |[39m     }
     [90m 58 |[39m }[33m;[39m
     [90m 59 |[39m[0m

      at Task.error [as _execution] (src/utils/libraryJob.js:56:17)


  ΓùÅ  Cannot log after tests are done. Did you forget to wait for something async in your test?
    Attempted to log "[LibraryJob] Starting Overdue Calculation: 2025-12-12T08:30:00.263Z".

    [0m [90m  9 |[39m [36mconst[39m checkOverdueBooks [33m=[39m [36masync[39m () [33m=>[39m {
     [90m 10 |[39m     [36mtry[39m {
    [31m[1m>[22m[39m[90m 11 |[39m         console[33m.[39mlog([32m`[LibraryJob] Starting Overdue Calculation: ${new Date().toISOString()}`[39m)[33m;[39m
     [90m    |[39m                 [31m[1m^[22m[39m
     [90m 12 |[39m
     [90m 13 |[39m         [90m// 1. Find all currently issued transactions that are PAST DUE[39m
     [90m 14 |[39m         [36mconst[39m now [33m=[39m [36mnew[39m [33mDate[39m()[33m;[39m[0m

      at console.log (node_modules/@jest/console/build/index.js:311:10)
      at Task.log [as _execution] (src/utils/libraryJob.js:11:17)
      at Task.execute (node_modules/node-cron/src/task.js:17:25)
      at ScheduledTask.now (node_modules/node-cron/src/scheduled-task.js:38:33)
      at Scheduler.<anonymous> (node_modules/node-cron/src/scheduled-task.js:25:18)
      at Timeout.matchTime [as _onTimeout] (node_modules/node-cron/src/scheduler.js:30:26)

  console.error
    [LibraryJob] Failed: Client must be connected before running operations

    [0m [90m 54 |[39m
     [90m 55 |[39m     } [36mcatch[39m (err) {
    [31m[1m>[22m[39m[90m 56 |[39m         console[33m.[39merror([32m"[LibraryJob] Failed:"[39m[33m,[39m err[33m.[39mmessage)[33m;[39m
     [90m    |[39m                 [31m[1m^[22m[39m
     [90m 57 |[39m     }
     [90m 58 |[39m }[33m;[39m
     [90m 59 |[39m[0m

      at Task.error [as _execution] (src/utils/libraryJob.js:56:17)


  ΓùÅ  Cannot log after tests are done. Did you forget to wait for something async in your test?
    Attempted to log "[LibraryJob] Starting Overdue Calculation: 2025-12-12T08:45:00.580Z".

    [0m [90m  9 |[39m [36mconst[39m checkOverdueBooks [33m=[39m [36masync[39m () [33m=>[39m {
     [90m 10 |[39m     [36mtry[39m {
    [31m[1m>[22m[39m[90m 11 |[39m         console[33m.[39mlog([32m`[LibraryJob] Starting Overdue Calculation: ${new Date().toISOString()}`[39m)[33m;[39m
     [90m    |[39m                 [31m[1m^[22m[39m
     [90m 12 |[39m
     [90m 13 |[39m         [90m// 1. Find all currently issued transactions that are PAST DUE[39m
     [90m 14 |[39m         [36mconst[39m now [33m=[39m [36mnew[39m [33mDate[39m()[33m;[39m[0m

      at console.log (node_modules/@jest/console/build/index.js:311:10)
      at Task.log [as _execution] (src/utils/libraryJob.js:11:17)
      at Task.execute (node_modules/node-cron/src/task.js:17:25)
      at ScheduledTask.now (node_modules/node-cron/src/scheduled-task.js:38:33)
      at Scheduler.<anonymous> (node_modules/node-cron/src/scheduled-task.js:25:18)
      at Timeout.matchTime [as _onTimeout] (node_modules/node-cron/src/scheduler.js:30:26)

  console.error
    [LibraryJob] Failed: Client must be connected before running operations

    [0m [90m 54 |[39m
     [90m 55 |[39m     } [36mcatch[39m (err) {
    [31m[1m>[22m[39m[90m 56 |[39m         console[33m.[39merror([32m"[LibraryJob] Failed:"[39m[33m,[39m err[33m.[39mmessage)[33m;[39m
     [90m    |[39m                 [31m[1m^[22m[39m
     [90m 57 |[39m     }
     [90m 58 |[39m }[33m;[39m
     [90m 59 |[39m[0m

      at Task.error [as _execution] (src/utils/libraryJob.js:56:17)


  ΓùÅ  Cannot log after tests are done. Did you forget to wait for something async in your test?
    Attempted to log "[LibraryJob] Starting Overdue Calculation: 2025-12-12T09:00:00.540Z".

    [0m [90m  9 |[39m [36mconst[39m checkOverdueBooks [33m=[39m [36masync[39m () [33m=>[39m {
     [90m 10 |[39m     [36mtry[39m {
    [31m[1m>[22m[39m[90m 11 |[39m         console[33m.[39mlog([32m`[LibraryJob] Starting Overdue Calculation: ${new Date().toISOString()}`[39m)[33m;[39m
     [90m    |[39m                 [31m[1m^[22m[39m
     [90m 12 |[39m
     [90m 13 |[39m         [90m// 1. Find all currently issued transactions that are PAST DUE[39m
     [90m 14 |[39m         [36mconst[39m now [33m=[39m [36mnew[39m [33mDate[39m()[33m;[39m[0m

      at console.log (node_modules/@jest/console/build/index.js:311:10)
      at Task.log [as _execution] (src/utils/libraryJob.js:11:17)
      at Task.execute (node_modules/node-cron/src/task.js:17:25)
      at ScheduledTask.now (node_modules/node-cron/src/scheduled-task.js:38:33)
      at Scheduler.<anonymous> (node_modules/node-cron/src/scheduled-task.js:25:18)
      at Timeout.matchTime [as _onTimeout] (node_modules/node-cron/src/scheduler.js:30:26)

  console.error
    [LibraryJob] Failed: Client must be connected before running operations

    [0m [90m 54 |[39m
     [90m 55 |[39m     } [36mcatch[39m (err) {
    [31m[1m>[22m[39m[90m 56 |[39m         console[33m.[39merror([32m"[LibraryJob] Failed:"[39m[33m,[39m err[33m.[39mmessage)[33m;[39m
     [90m    |[39m                 [31m[1m^[22m[39m
     [90m 57 |[39m     }
     [90m 58 |[39m }[33m;[39m
     [90m 59 |[39m[0m

      at Task.error [as _execution] (src/utils/libraryJob.js:56:17)


  ΓùÅ  Cannot log after tests are done. Did you forget to wait for something async in your test?
    Attempted to log "[LibraryJob] Starting Overdue Calculation: 2025-12-12T09:30:00.205Z".

    [0m [90m  9 |[39m [36mconst[39m checkOverdueBooks [33m=[39m [36masync[39m () [33m=>[39m {
     [90m 10 |[39m     [36mtry[39m {
    [31m[1m>[22m[39m[90m 11 |[39m         console[33m.[39mlog([32m`[LibraryJob] Starting Overdue Calculation: ${new Date().toISOString()}`[39m)[33m;[39m
     [90m    |[39m                 [31m[1m^[22m[39m
     [90m 12 |[39m
     [90m 13 |[39m         [90m// 1. Find all currently issued transactions that are PAST DUE[39m
     [90m 14 |[39m         [36mconst[39m now [33m=[39m [36mnew[39m [33mDate[39m()[33m;[39m[0m

      at console.log (node_modules/@jest/console/build/index.js:311:10)
      at Task.log [as _execution] (src/utils/libraryJob.js:11:17)
      at Task.execute (node_modules/node-cron/src/task.js:17:25)
      at ScheduledTask.now (node_modules/node-cron/src/scheduled-task.js:38:33)
      at Scheduler.<anonymous> (node_modules/node-cron/src/scheduled-task.js:25:18)
      at Timeout.matchTime [as _onTimeout] (node_modules/node-cron/src/scheduler.js:30:26)

  console.error
    [LibraryJob] Failed: Client must be connected before running operations

    [0m [90m 54 |[39m
     [90m 55 |[39m     } [36mcatch[39m (err) {
    [31m[1m>[22m[39m[90m 56 |[39m         console[33m.[39merror([32m"[LibraryJob] Failed:"[39m[33m,[39m err[33m.[39mmessage)[33m;[39m
     [90m    |[39m                 [31m[1m^[22m[39m
     [90m 57 |[39m     }
     [90m 58 |[39m }[33m;[39m
     [90m 59 |[39m[0m

      at Task.error [as _execution] (src/utils/libraryJob.js:56:17)


  ΓùÅ  Cannot log after tests are done. Did you forget to wait for something async in your test?
    Attempted to log "[LibraryJob] Starting Overdue Calculation: 2025-12-12T09:45:01.249Z".

    [0m [90m  9 |[39m [36mconst[39m checkOverdueBooks [33m=[39m [36masync[39m () [33m=>[39m {
     [90m 10 |[39m     [36mtry[39m {
    [31m[1m>[22m[39m[90m 11 |[39m         console[33m.[39mlog([32m`[LibraryJob] Starting Overdue Calculation: ${new Date().toISOString()}`[39m)[33m;[39m
     [90m    |[39m                 [31m[1m^[22m[39m
     [90m 12 |[39m
     [90m 13 |[39m         [90m// 1. Find all currently issued transactions that are PAST DUE[39m
     [90m 14 |[39m         [36mconst[39m now [33m=[39m [36mnew[39m [33mDate[39m()[33m;[39m[0m

      at console.log (node_modules/@jest/console/build/index.js:311:10)
      at Task.log [as _execution] (src/utils/libraryJob.js:11:17)
      at Task.execute (node_modules/node-cron/src/task.js:17:25)
      at ScheduledTask.now (node_modules/node-cron/src/scheduled-task.js:38:33)
      at Scheduler.<anonymous> (node_modules/node-cron/src/scheduled-task.js:25:18)
      at Timeout.matchTime [as _onTimeout] (node_modules/node-cron/src/scheduler.js:30:26)

  console.error
    [LibraryJob] Failed: Client must be connected before running operations

    [0m [90m 54 |[39m
     [90m 55 |[39m     } [36mcatch[39m (err) {
    [31m[1m>[22m[39m[90m 56 |[39m         console[33m.[39merror([32m"[LibraryJob] Failed:"[39m[33m,[39m err[33m.[39mmessage)[33m;[39m
     [90m    |[39m                 [31m[1m^[22m[39m
     [90m 57 |[39m     }
     [90m 58 |[39m }[33m;[39m
     [90m 59 |[39m[0m

      at Task.error [as _execution] (src/utils/libraryJob.js:56:17)


  ΓùÅ  Cannot log after tests are done. Did you forget to wait for something async in your test?
    Attempted to log "[LibraryJob] Starting Overdue Calculation: 2025-12-12T10:15:00.365Z".

    [0m [90m  9 |[39m [36mconst[39m checkOverdueBooks [33m=[39m [36masync[39m () [33m=>[39m {
     [90m 10 |[39m     [36mtry[39m {
    [31m[1m>[22m[39m[90m 11 |[39m         console[33m.[39mlog([32m`[LibraryJob] Starting Overdue Calculation: ${new Date().toISOString()}`[39m)[33m;[39m
     [90m    |[39m                 [31m[1m^[22m[39m
     [90m 12 |[39m
     [90m 13 |[39m         [90m// 1. Find all currently issued transactions that are PAST DUE[39m
     [90m 14 |[39m         [36mconst[39m now [33m=[39m [36mnew[39m [33mDate[39m()[33m;[39m[0m

      at console.log (node_modules/@jest/console/build/index.js:311:10)
      at Task.log [as _execution] (src/utils/libraryJob.js:11:17)
      at Task.execute (node_modules/node-cron/src/task.js:17:25)
      at ScheduledTask.now (node_modules/node-cron/src/scheduled-task.js:38:33)
      at Scheduler.<anonymous> (node_modules/node-cron/src/scheduled-task.js:25:18)
      at Timeout.matchTime [as _onTimeout] (node_modules/node-cron/src/scheduler.js:30:26)

  console.error
    [LibraryJob] Failed: Client must be connected before running operations

    [0m [90m 54 |[39m
     [90m 55 |[39m     } [36mcatch[39m (err) {
    [31m[1m>[22m[39m[90m 56 |[39m         console[33m.[39merror([32m"[LibraryJob] Failed:"[39m[33m,[39m err[33m.[39mmessage)[33m;[39m
     [90m    |[39m                 [31m[1m^[22m[39m
     [90m 57 |[39m     }
     [90m 58 |[39m }[33m;[39m
     [90m 59 |[39m[0m

      at Task.error [as _execution] (src/utils/libraryJob.js:56:17)


  ΓùÅ  Cannot log after tests are done. Did you forget to wait for something async in your test?
    Attempted to log "[LibraryJob] Starting Overdue Calculation: 2025-12-12T10:30:01.023Z".

    [0m [90m  9 |[39m [36mconst[39m checkOverdueBooks [33m=[39m [36masync[39m () [33m=>[39m {
     [90m 10 |[39m     [36mtry[39m {
    [31m[1m>[22m[39m[90m 11 |[39m         console[33m.[39mlog([32m`[LibraryJob] Starting Overdue Calculation: ${new Date().toISOString()}`[39m)[33m;[39m
     [90m    |[39m                 [31m[1m^[22m[39m
     [90m 12 |[39m
     [90m 13 |[39m         [90m// 1. Find all currently issued transactions that are PAST DUE[39m
     [90m 14 |[39m         [36mconst[39m now [33m=[39m [36mnew[39m [33mDate[39m()[33m;[39m[0m

      at console.log (node_modules/@jest/console/build/index.js:311:10)
      at Task.log [as _execution] (src/utils/libraryJob.js:11:17)
      at Task.execute (node_modules/node-cron/src/task.js:17:25)
      at ScheduledTask.now (node_modules/node-cron/src/scheduled-task.js:38:33)
      at Scheduler.<anonymous> (node_modules/node-cron/src/scheduled-task.js:25:18)
      at Timeout.matchTime [as _onTimeout] (node_modules/node-cron/src/scheduler.js:30:26)

  console.error
    [LibraryJob] Failed: Client must be connected before running operations

    [0m [90m 54 |[39m
     [90m 55 |[39m     } [36mcatch[39m (err) {
    [31m[1m>[22m[39m[90m 56 |[39m         console[33m.[39merror([32m"[LibraryJob] Failed:"[39m[33m,[39m err[33m.[39mmessage)[33m;[39m
     [90m    |[39m                 [31m[1m^[22m[39m
     [90m 57 |[39m     }
     [90m 58 |[39m }[33m;[39m
     [90m 59 |[39m[0m

      at Task.error [as _execution] (src/utils/libraryJob.js:56:17)

